DEBUG    asyncio:proactor_events.py:633 Using proactor: IocpProactor
